---
source: tests/unit_tests/io/msh.rs
expression: mesh
---
Mesh {
    vertices: [
        [
            -0.3,
            -0.3,
        ],
        [
            0.7,
            -0.3,
        ],
        [
            0.7,
            0.2,
        ],
        [
            -0.3,
            0.2,
        ],
        [
            -0.1888888888888891,
            -0.3,
        ],
        [
            -0.07777777777777825,
            -0.3,
        ],
        [
            0.03333333333333294,
            -0.3,
        ],
        [
            0.1444444444444442,
            -0.3,
        ],
        [
            0.2555555555555554,
            -0.3,
        ],
        [
            0.3666666666666664,
            -0.3,
        ],
        [
            0.4777777777777777,
            -0.3,
        ],
        [
            0.5888888888888888,
            -0.3,
        ],
        [
            0.7,
            -0.2000000000000002,
        ],
        [
            0.7,
            -0.1000000000000001,
        ],
        [
            0.7,
            -1.110223024625157e-16,
        ],
        [
            0.7,
            0.09999999999999998,
        ],
        [
            0.588888888888889,
            0.2,
        ],
        [
            0.4777777777777782,
            0.2,
        ],
        [
            0.366666666666667,
            0.2,
        ],
        [
            0.2555555555555558,
            0.2,
        ],
        [
            0.1444444444444446,
            0.2,
        ],
        [
            0.03333333333333355,
            0.2,
        ],
        [
            -0.07777777777777772,
            0.2,
        ],
        [
            -0.1888888888888889,
            0.2,
        ],
        [
            -0.3,
            0.1000000000000002,
        ],
        [
            -0.3,
            1.665334536937735e-16,
        ],
        [
            -0.3,
            -0.09999999999999987,
        ],
        [
            -0.3,
            -0.2,
        ],
        [
            0.6181853054877119,
            -0.0415974196800525,
        ],
        [
            -0.2184200639486318,
            -0.05004133303915795,
        ],
        [
            0.2017105453434146,
            -0.2002352435348832,
        ],
        [
            0.3104891941360209,
            0.1029078944520922,
        ],
        [
            0.08834248811904713,
            0.1038514358620944,
        ],
        [
            0.4416365682405676,
            -0.2094183433526482,
        ],
        [
            -0.02487999700958349,
            -0.1993290750383707,
        ],
        [
            0.5363367134450407,
            0.09963349191309573,
        ],
        [
            -0.1376937270386464,
            0.09918316830157284,
        ],
        [
            -0.02320268433312986,
            0.1034937157688774,
        ],
        [
            0.03225151084425054,
            0.00824487064593734,
        ],
        [
            0.1430952130559973,
            0.007257297698020186,
        ],
        [
            0.08670007502345552,
            -0.08790564410859014,
        ],
        [
            -0.02366509376319328,
            -0.08669558283174966,
        ],
        [
            0.1971963049208412,
            -0.08916950506662782,
        ],
        [
            0.253922991933277,
            0.006317558455476907,
        ],
        [
            0.3081255793967473,
            -0.09077591339602184,
        ],
        [
            0.3646194671681309,
            0.005510616989843405,
        ],
        [
            0.4185164091280256,
            -0.0918398591757682,
        ],
        [
            0.4701913192082958,
            0.01124911446365311,
        ],
        [
            0.4222222222222225,
            0.1037749551350623,
        ],
        [
            0.3165578285233138,
            -0.2010429173546686,
        ],
        [
            0.51294097640968,
            -0.1461571739671005,
        ],
        [
            -0.07204502561708118,
            0.003996362274948255,
        ],
        [
            -0.1428703653664571,
            -0.2133259091633978,
        ],
        [
            0.0882666209765149,
            -0.2041342216817793,
        ],
        [
            0.1993083145407238,
            0.1033890310779473,
        ],
        [
            0.6141673003725829,
            -0.1500000000000002,
        ],
        [
            -0.2150687950126897,
            -0.1499999999999999,
        ],
        [
            -0.1217096898957324,
            -0.09916445375994822,
        ],
        [
            -0.2228047796821482,
            0.04659250577317239,
        ],
        [
            0.6177454205875057,
            0.04994026324231237,
        ],
        [
            0.5466426593556569,
            -0.2259292528866248,
        ],
        [
            0.5296132320729046,
            -0.06139610197017452,
        ],
        [
            0.628594204584287,
            0.1299147510310816,
        ],
        [
            -0.2286828846737035,
            0.1291590499816862,
        ],
        [
            -0.2256650626505246,
            -0.2291340202289778,
        ],
        [
            -0.1550184885524905,
            0.001244361478090254,
        ],
        [
            0.03088955984017527,
            -0.1445718351398361,
        ],
        [
            0.6299397697234258,
            -0.2351858505773251,
        ],
        [
            0.141299000533621,
            -0.1452945975736307,
        ],
        [
            0.5531073904611943,
            0.0116360736783649,
        ],
    ],
    connectivity: [
        Tri3d2Connectivity(
            [
                30,
                49,
                44,
            ],
        ),
        Tri3d2Connectivity(
            [
                30,
                44,
                42,
            ],
        ),
        Tri3d2Connectivity(
            [
                46,
                49,
                33,
            ],
        ),
        Tri3d2Connectivity(
            [
                44,
                49,
                46,
            ],
        ),
        Tri3d2Connectivity(
            [
                41,
                57,
                34,
            ],
        ),
        Tri3d2Connectivity(
            [
                34,
                57,
                52,
            ],
        ),
        Tri3d2Connectivity(
            [
                10,
                60,
                33,
            ],
        ),
        Tri3d2Connectivity(
            [
                33,
                60,
                50,
            ],
        ),
        Tri3d2Connectivity(
            [
                35,
                48,
                47,
            ],
        ),
        Tri3d2Connectivity(
            [
                51,
                57,
                41,
            ],
        ),
        Tri3d2Connectivity(
            [
                47,
                48,
                45,
            ],
        ),
        Tri3d2Connectivity(
            [
                45,
                48,
                31,
            ],
        ),
        Tri3d2Connectivity(
            [
                28,
                61,
                55,
            ],
        ),
        Tri3d2Connectivity(
            [
                33,
                50,
                46,
            ],
        ),
        Tri3d2Connectivity(
            [
                43,
                45,
                31,
            ],
        ),
        Tri3d2Connectivity(
            [
                33,
                49,
                9,
            ],
        ),
        Tri3d2Connectivity(
            [
                9,
                49,
                8,
            ],
        ),
        Tri3d2Connectivity(
            [
                17,
                48,
                35,
            ],
        ),
        Tri3d2Connectivity(
            [
                55,
                61,
                50,
            ],
        ),
        Tri3d2Connectivity(
            [
                34,
                52,
                5,
            ],
        ),
        Tri3d2Connectivity(
            [
                23,
                36,
                22,
            ],
        ),
        Tri3d2Connectivity(
            [
                17,
                35,
                16,
            ],
        ),
        Tri3d2Connectivity(
            [
                38,
                51,
                41,
            ],
        ),
        Tri3d2Connectivity(
            [
                37,
                38,
                32,
            ],
        ),
        Tri3d2Connectivity(
            [
                8,
                49,
                30,
            ],
        ),
        Tri3d2Connectivity(
            [
                31,
                54,
                43,
            ],
        ),
        Tri3d2Connectivity(
            [
                21,
                37,
                32,
            ],
        ),
        Tri3d2Connectivity(
            [
                36,
                37,
                22,
            ],
        ),
        Tri3d2Connectivity(
            [
                46,
                47,
                45,
            ],
        ),
        Tri3d2Connectivity(
            [
                44,
                46,
                45,
            ],
        ),
        Tri3d2Connectivity(
            [
                36,
                51,
                37,
            ],
        ),
        Tri3d2Connectivity(
            [
                10,
                33,
                9,
            ],
        ),
        Tri3d2Connectivity(
            [
                6,
                34,
                5,
            ],
        ),
        Tri3d2Connectivity(
            [
                5,
                52,
                4,
            ],
        ),
        Tri3d2Connectivity(
            [
                38,
                41,
                40,
            ],
        ),
        Tri3d2Connectivity(
            [
                37,
                51,
                38,
            ],
        ),
        Tri3d2Connectivity(
            [
                30,
                53,
                7,
            ],
        ),
        Tri3d2Connectivity(
            [
                18,
                48,
                17,
            ],
        ),
        Tri3d2Connectivity(
            [
                31,
                48,
                18,
            ],
        ),
        Tri3d2Connectivity(
            [
                6,
                53,
                34,
            ],
        ),
        Tri3d2Connectivity(
            [
                20,
                54,
                19,
            ],
        ),
        Tri3d2Connectivity(
            [
                44,
                45,
                43,
            ],
        ),
        Tri3d2Connectivity(
            [
                38,
                40,
                39,
            ],
        ),
        Tri3d2Connectivity(
            [
                43,
                54,
                39,
            ],
        ),
        Tri3d2Connectivity(
            [
                39,
                54,
                32,
            ],
        ),
        Tri3d2Connectivity(
            [
                32,
                54,
                20,
            ],
        ),
        Tri3d2Connectivity(
            [
                19,
                54,
                31,
            ],
        ),
        Tri3d2Connectivity(
            [
                22,
                37,
                21,
            ],
        ),
        Tri3d2Connectivity(
            [
                38,
                39,
                32,
            ],
        ),
        Tri3d2Connectivity(
            [
                7,
                53,
                6,
            ],
        ),
        Tri3d2Connectivity(
            [
                42,
                44,
                43,
            ],
        ),
        Tri3d2Connectivity(
            [
                8,
                30,
                7,
            ],
        ),
        Tri3d2Connectivity(
            [
                19,
                31,
                18,
            ],
        ),
        Tri3d2Connectivity(
            [
                21,
                32,
                20,
            ],
        ),
        Tri3d2Connectivity(
            [
                40,
                42,
                39,
            ],
        ),
        Tri3d2Connectivity(
            [
                42,
                43,
                39,
            ],
        ),
        Tri3d2Connectivity(
            [
                51,
                65,
                57,
            ],
        ),
        Tri3d2Connectivity(
            [
                14,
                28,
                13,
            ],
        ),
        Tri3d2Connectivity(
            [
                26,
                29,
                25,
            ],
        ),
        Tri3d2Connectivity(
            [
                13,
                55,
                12,
            ],
        ),
        Tri3d2Connectivity(
            [
                50,
                61,
                46,
            ],
        ),
        Tri3d2Connectivity(
            [
                27,
                56,
                26,
            ],
        ),
        Tri3d2Connectivity(
            [
                25,
                58,
                24,
            ],
        ),
        Tri3d2Connectivity(
            [
                15,
                59,
                14,
            ],
        ),
        Tri3d2Connectivity(
            [
                28,
                55,
                13,
            ],
        ),
        Tri3d2Connectivity(
            [
                46,
                61,
                47,
            ],
        ),
        Tri3d2Connectivity(
            [
                11,
                60,
                10,
            ],
        ),
        Tri3d2Connectivity(
            [
                26,
                56,
                29,
            ],
        ),
        Tri3d2Connectivity(
            [
                14,
                59,
                28,
            ],
        ),
        Tri3d2Connectivity(
            [
                29,
                58,
                25,
            ],
        ),
        Tri3d2Connectivity(
            [
                56,
                57,
                29,
            ],
        ),
        Tri3d2Connectivity(
            [
                52,
                57,
                56,
            ],
        ),
        Tri3d2Connectivity(
            [
                4,
                64,
                0,
            ],
        ),
        Tri3d2Connectivity(
            [
                16,
                62,
                2,
            ],
        ),
        Tri3d2Connectivity(
            [
                3,
                63,
                23,
            ],
        ),
        Tri3d2Connectivity(
            [
                47,
                69,
                35,
            ],
        ),
        Tri3d2Connectivity(
            [
                0,
                64,
                27,
            ],
        ),
        Tri3d2Connectivity(
            [
                2,
                62,
                15,
            ],
        ),
        Tri3d2Connectivity(
            [
                24,
                63,
                3,
            ],
        ),
        Tri3d2Connectivity(
            [
                34,
                66,
                41,
            ],
        ),
        Tri3d2Connectivity(
            [
                57,
                65,
                29,
            ],
        ),
        Tri3d2Connectivity(
            [
                36,
                65,
                51,
            ],
        ),
        Tri3d2Connectivity(
            [
                55,
                67,
                12,
            ],
        ),
        Tri3d2Connectivity(
            [
                1,
                67,
                11,
            ],
        ),
        Tri3d2Connectivity(
            [
                35,
                62,
                16,
            ],
        ),
        Tri3d2Connectivity(
            [
                23,
                63,
                36,
            ],
        ),
        Tri3d2Connectivity(
            [
                52,
                64,
                4,
            ],
        ),
        Tri3d2Connectivity(
            [
                58,
                65,
                36,
            ],
        ),
        Tri3d2Connectivity(
            [
                42,
                68,
                30,
            ],
        ),
        Tri3d2Connectivity(
            [
                60,
                67,
                55,
            ],
        ),
        Tri3d2Connectivity(
            [
                30,
                68,
                53,
            ],
        ),
        Tri3d2Connectivity(
            [
                53,
                66,
                34,
            ],
        ),
        Tri3d2Connectivity(
            [
                41,
                66,
                40,
            ],
        ),
        Tri3d2Connectivity(
            [
                53,
                68,
                66,
            ],
        ),
        Tri3d2Connectivity(
            [
                56,
                64,
                52,
            ],
        ),
        Tri3d2Connectivity(
            [
                66,
                68,
                40,
            ],
        ),
        Tri3d2Connectivity(
            [
                36,
                63,
                58,
            ],
        ),
        Tri3d2Connectivity(
            [
                59,
                62,
                35,
            ],
        ),
        Tri3d2Connectivity(
            [
                40,
                68,
                42,
            ],
        ),
        Tri3d2Connectivity(
            [
                50,
                60,
                55,
            ],
        ),
        Tri3d2Connectivity(
            [
                59,
                69,
                28,
            ],
        ),
        Tri3d2Connectivity(
            [
                12,
                67,
                1,
            ],
        ),
        Tri3d2Connectivity(
            [
                35,
                69,
                59,
            ],
        ),
        Tri3d2Connectivity(
            [
                27,
                64,
                56,
            ],
        ),
        Tri3d2Connectivity(
            [
                15,
                62,
                59,
            ],
        ),
        Tri3d2Connectivity(
            [
                58,
                63,
                24,
            ],
        ),
        Tri3d2Connectivity(
            [
                29,
                65,
                58,
            ],
        ),
        Tri3d2Connectivity(
            [
                28,
                69,
                61,
            ],
        ),
        Tri3d2Connectivity(
            [
                11,
                67,
                60,
            ],
        ),
        Tri3d2Connectivity(
            [
                61,
                69,
                47,
            ],
        ),
    ],
}
