---
source: tests/integration_tests/interpolation.rs
expression: "&u_outer"
---
[
    [
        [
            0.0,
        ],
    ],
    [
        [
            0.042389918449840705,
        ],
    ],
    [
        [
            0.0,
        ],
    ],
    [
        [
            0.1876279176494576,
        ],
    ],
    [
        [
            0.04857501743120377,
        ],
    ],
    [
        [
            0.0,
        ],
    ],
    [
        [
            0.3923570539146311,
        ],
    ],
    [
        [
            0.22164596204695453,
        ],
    ],
    [
        [
            0.5403023058681398,
        ],
    ],
    [
        [
            0.4820409891443957,
        ],
    ],
    [
        [
            0.2779047656353667,
        ],
    ],
    [
        [
            0.06046451602190358,
        ],
    ],
    [
        [
            0.0,
        ],
    ],
    [
        [
            0.070947781566992,
        ],
    ],
    [
        [
            0.0,
        ],
    ],
    [
        [
            0.7382254732717581,
        ],
    ],
    [
        [
            1.0641409946402092,
        ],
    ],
    [
        [
            0.668200640367969,
        ],
    ],
    [
        [
            1.368328200669842,
        ],
    ],
    [
        [
            0.8466817813624639,
        ],
    ],
    [
        [
            1.5520598164076003,
        ],
    ],
    [
        [
            1.0118269611448256,
        ],
    ],
    [
        [
            0.4351390684019518,
        ],
    ],
    [
        [
            0.36114074231642135,
        ],
    ],
    [
        [
            0.09119113054185013,
        ],
    ],
    [
        [
            0.4926911912426073,
        ],
    ],
    [
        [
            0.8067072517733143,
        ],
    ],
    [
        [
            0.15915870375233154,
        ],
    ],
    [
        [
            0.6378390791595003,
        ],
    ],
    [
        [
            1.2386516515517656,
        ],
    ],
    [
        [
            -0.5458785454265696,
        ],
    ],
    [
        [
            0.13076487966490158,
        ],
    ],
    [
        [
            -1.6645873461885696,
        ],
    ],
    [
        [
            -0.7610237964978965,
        ],
    ],
    [
        [
            0.3869642798923545,
        ],
    ],
    [
        [
            0.9854629663613995,
        ],
    ],
    [
        [
            1.587001884142874,
        ],
    ],
    [
        [
            1.3337352127044546,
        ],
    ],
    [
        [
            1.8332284940448553,
        ],
    ],
    [
        [
            1.2417935953116745,
        ],
    ],
    [
        [
            1.6319592536477217,
        ],
    ],
    [
        [
            1.8564853679179765,
        ],
    ],
    [
        [
            2.052468419570099,
        ],
    ],
    [
        [
            1.7647704149578864,
        ],
    ],
    [
        [
            2.0353947603521108,
        ],
    ],
    [
        [
            -3.362830828247313,
        ],
    ],
    [
        [
            -5.403725425416268,
        ],
    ],
    [
        [
            -2.178142930053049,
        ],
    ],
    [
        [
            -7.566005457706808,
        ],
    ],
    [
        [
            -3.968416715019687,
        ],
    ],
    [
        [
            -8.909932469404009,
        ],
    ],
    [
        [
            -5.877221931117341,
        ],
    ],
    [
        [
            -2.010737980892067,
        ],
    ],
    [
        [
            -0.6524219774422563,
        ],
    ],
    [
        [
            0.5567931246760125,
        ],
    ],
    [
        [
            -7.128623962771442,
        ],
    ],
    [
        [
            -4.5951026219661815,
        ],
    ],
    [
        [
            -3.6105254065642116,
        ],
    ],
    [
        [
            -2.487485624581789,
        ],
    ],
    [
        [
            -1.781405378437382,
        ],
    ],
    [
        [
            -0.949644521761257,
        ],
    ],
    [
        [
            -0.4123297394259959,
        ],
    ],
    [
        [
            0.520830144250242,
        ],
    ],
    [
        [
            -0.5471150660417942,
        ],
    ],
    [
        [
            1.421828745012562,
        ],
    ],
    [
        [
            1.7746715094488597,
        ],
    ],
    [
        [
            0.9846442328646636,
        ],
    ],
    [
        [
            1.2271960691070047,
        ],
    ],
    [
        [
            0.16283203838138863,
        ],
    ],
    [
        [
            -0.28175223415649,
        ],
    ],
    [
        [
            0.06752241003248127,
        ],
    ],
    [
        [
            0.45631976023462145,
        ],
    ],
    [
        [
            0.37070622094500166,
        ],
    ],
    [
        [
            -0.029742676024364867,
        ],
    ],
    [
        [
            -0.4573769557991544,
        ],
    ],
    [
        [
            2.17015942503255,
        ],
    ],
    [
        [
            1.9608300437648563,
        ],
    ],
    [
        [
            2.325392600227648,
        ],
    ],
    [
        [
            1.159650870456417,
        ],
    ],
    [
        [
            -0.010098310879632214,
        ],
    ],
    [
        [
            0.8626826206128133,
        ],
    ],
    [
        [
            1.9061184328578802,
        ],
    ],
    [
        [
            2.282163673091272,
        ],
    ],
    [
        [
            1.6684448214272112,
        ],
    ],
    [
        [
            2.079099346359327,
        ],
    ],
    [
        [
            1.6448598358038657,
        ],
    ],
    [
        [
            0.960615011738404,
        ],
    ],
    [
        [
            0.8408294633601648,
        ],
    ],
    [
        [
            -0.059103456049724036,
        ],
    ],
    [
        [
            -1.110079226196019,
        ],
    ],
    [
        [
            -1.5061755869392517,
        ],
    ],
    [
        [
            -0.15036373550758683,
        ],
    ],
    [
        [
            -0.25428600310192023,
        ],
    ],
    [
        [
            -1.628897559468539,
        ],
    ],
    [
        [
            -1.1001073139491009,
        ],
    ],
    [
        [
            -1.6710700835247496,
        ],
    ],
    [
        [
            -3.5236831724683997,
        ],
    ],
    [
        [
            -2.7819687557758046,
        ],
    ],
    [
        [
            -5.907957312119457,
        ],
    ],
    [
        [
            -4.8789211407770825,
        ],
    ],
    [
        [
            -7.639852396865203,
        ],
    ],
    [
        [
            -6.437927393278244,
        ],
    ],
    [
        [
            -4.484681372926383,
        ],
    ],
    [
        [
            -3.218834444666038,
        ],
    ],
    [
        [
            -2.6316527864871264,
        ],
    ],
    [
        [
            2.232091442203688,
        ],
    ],
    [
        [
            1.9139687698678705,
        ],
    ],
    [
        [
            2.2050779141101153,
        ],
    ],
    [
        [
            1.2869423958917974,
        ],
    ],
    [
        [
            0.3769860107177252,
        ],
    ],
    [
        [
            1.4619653015673464,
        ],
    ],
    [
        [
            1.9615890225513997,
        ],
    ],
    [
        [
            1.9717903193482114,
        ],
    ],
    [
        [
            1.8098559838465853,
        ],
    ],
    [
        [
            1.6351472078793872,
        ],
    ],
    [
        [
            1.4616368663307902,
        ],
    ],
    [
        [
            1.4433873387212783,
        ],
    ],
    [
        [
            1.196580343258685,
        ],
    ],
    [
        [
            0.8506147688104435,
        ],
    ],
    [
        [
            -0.11369852074322617,
        ],
    ],
    [
        [
            0.47667872188703275,
        ],
    ],
    [
        [
            0.990216185631819,
        ],
    ],
    [
        [
            0.877031990112793,
        ],
    ],
    [
        [
            0.7131912038361499,
        ],
    ],
    [
        [
            0.681422313928007,
        ],
    ],
    [
        [
            0.0,
        ],
    ],
    [
        [
            0.06752867068814881,
        ],
    ],
    [
        [
            0.048563918802459895,
        ],
    ],
    [
        [
            0.3690136764985823,
        ],
    ],
    [
        [
            0.2842539777233626,
        ],
    ],
    [
        [
            0.2176159193621794,
        ],
    ],
    [
        [
            0.9693128761315483,
        ],
    ],
    [
        [
            0.7872714578172095,
        ],
    ],
    [
        [
            0.5991984360718087,
        ],
    ],
    [
        [
            0.4673270581964356,
        ],
    ],
    [
        [
            0.0,
        ],
    ],
    [
        [
            0.09484409892741953,
        ],
    ],
    [
        [
            0.0,
        ],
    ],
    [
        [
            0.45418884918383917,
        ],
    ],
    [
        [
            0.0889895838041503,
        ],
    ],
    [
        [
            0.0,
        ],
    ],
    [
        [
            1.045168696614398,
        ],
    ],
    [
        [
            0.42047515119146145,
        ],
    ],
    [
        [
            0.07836922829073006,
        ],
    ],
    [
        [
            0.0,
        ],
    ],
    [
        [
            0.09589485205331155,
        ],
    ],
    [
        [
            0.0,
        ],
    ],
    [
        [
            0.4663438687611834,
        ],
    ],
    [
        [
            0.09832037041573496,
        ],
    ],
    [
        [
            0.0,
        ],
    ],
    [
        [
            1.0791909680893639,
        ],
    ],
    [
        [
            0.4664053051708363,
        ],
    ],
    [
        [
            0.09772934992754233,
        ],
    ],
    [
        [
            0.0,
        ],
    ],
    [
        [
            0.45664179531148974,
        ],
    ],
    [
        [
            1.0590114914728255,
        ],
    ],
    [
        [
            1.4989889986734197,
        ],
    ],
    [
        [
            1.5377972924721943,
        ],
    ],
    [
        [
            1.0829634853017567,
        ],
    ],
    [
        [
            1.5269900606881004,
        ],
    ],
]
